2025-11-18 18:25:14,142 INFO o.a.j.u.JMeterUtils: Setting Locale to en_EN
2025-11-18 18:25:14,160 INFO o.a.j.JMeter: Loading user properties from: C:\Tools\apache-jmeter-5.6.3\apache-jmeter-5.6.3\bin\user.properties
2025-11-18 18:25:14,161 INFO o.a.j.JMeter: Loading system properties from: C:\Tools\apache-jmeter-5.6.3\apache-jmeter-5.6.3\bin\system.properties
2025-11-18 18:25:14,161 INFO o.a.j.JMeter: Loading additional properties from: backend/tests/jmeter/props/local.properties
2025-11-18 18:25:14,171 INFO o.a.j.JMeter: Copyright (c) 1998-2024 The Apache Software Foundation
2025-11-18 18:25:14,171 INFO o.a.j.JMeter: Version 5.6.3
2025-11-18 18:25:14,171 INFO o.a.j.JMeter: java.version=24.0.2
2025-11-18 18:25:14,171 INFO o.a.j.JMeter: java.vm.name=Java HotSpot(TM) 64-Bit Server VM
2025-11-18 18:25:14,171 INFO o.a.j.JMeter: os.name=Windows 11
2025-11-18 18:25:14,171 INFO o.a.j.JMeter: os.arch=amd64
2025-11-18 18:25:14,171 INFO o.a.j.JMeter: os.version=10.0
2025-11-18 18:25:14,171 INFO o.a.j.JMeter: file.encoding=UTF-8
2025-11-18 18:25:14,171 INFO o.a.j.JMeter: java.awt.headless=true
2025-11-18 18:25:14,171 INFO o.a.j.JMeter: Max memory     =1073741824
2025-11-18 18:25:14,171 INFO o.a.j.JMeter: Available Processors =12
2025-11-18 18:25:14,181 INFO o.a.j.JMeter: Default Locale=English (EN)
2025-11-18 18:25:14,181 INFO o.a.j.JMeter: JMeter  Locale=English (EN)
2025-11-18 18:25:14,181 INFO o.a.j.JMeter: JMeterHome=C:\Tools\apache-jmeter-5.6.3\apache-jmeter-5.6.3
2025-11-18 18:25:14,181 INFO o.a.j.JMeter: user.dir  =C:\Users\Administrador\teste-software-univas
2025-11-18 18:25:14,182 INFO o.a.j.JMeter: PWD       =C:\Users\Administrador\teste-software-univas
2025-11-18 18:25:14,183 INFO o.a.j.JMeter: IP: 192.168.190.153 Name: UNI-LABF-7420 FullName: UNI-LABF-7420.fuvs.br
2025-11-18 18:25:14,194 INFO o.a.j.JMeter: Setting property 'jmeter.reportgenerator.outputdir' to:'C:\Users\Administrador\teste-software-univas\backend\tests\jmeter\reports\tasks'
2025-11-18 18:25:14,196 INFO o.a.j.s.FileServer: Default base='C:\Users\Administrador\teste-software-univas'
2025-11-18 18:25:14,197 INFO o.a.j.s.FileServer: Set new base='C:\Users\Administrador\teste-software-univas\backend\tests\jmeter\plans'
2025-11-18 18:25:14,466 INFO o.a.j.s.SaveService: Testplan (JMX) version: 2.2. Testlog (JTL) version: 2.2
2025-11-18 18:25:14,498 INFO o.a.j.s.SaveService: Using SaveService properties version 5.0
2025-11-18 18:25:14,501 INFO o.a.j.s.SaveService: Using SaveService properties file encoding UTF-8
2025-11-18 18:25:14,504 INFO o.a.j.s.SaveService: Loading file: backend\tests\jmeter\plans\tasks.jmx
2025-11-18 18:25:14,568 INFO o.a.j.p.h.s.HTTPSamplerBase: Parser for text/html is org.apache.jmeter.protocol.http.parser.LagartoBasedHtmlParser
2025-11-18 18:25:14,568 INFO o.a.j.p.h.s.HTTPSamplerBase: Parser for application/xhtml+xml is org.apache.jmeter.protocol.http.parser.LagartoBasedHtmlParser
2025-11-18 18:25:14,568 INFO o.a.j.p.h.s.HTTPSamplerBase: Parser for application/xml is org.apache.jmeter.protocol.http.parser.LagartoBasedHtmlParser
2025-11-18 18:25:14,568 INFO o.a.j.p.h.s.HTTPSamplerBase: Parser for text/xml is org.apache.jmeter.protocol.http.parser.LagartoBasedHtmlParser
2025-11-18 18:25:14,568 INFO o.a.j.p.h.s.HTTPSamplerBase: Parser for text/vnd.wap.wml is org.apache.jmeter.protocol.http.parser.RegexpHTMLParser
2025-11-18 18:25:14,568 INFO o.a.j.p.h.s.HTTPSamplerBase: Parser for text/css is org.apache.jmeter.protocol.http.parser.CssParser
2025-11-18 18:25:14,594 INFO o.a.j.JMeter: Creating summariser <summary>
2025-11-18 18:25:14,597 INFO o.a.j.r.d.ReportGenerator: ReportGenerator will use for Parsing the separator: ','
2025-11-18 18:25:14,597 INFO o.a.j.r.d.ReportGenerator: Will generate report at end of test from  results file: backend/tests/jmeter/results/tasks.jtl
2025-11-18 18:25:14,597 INFO o.a.j.r.d.ReportGenerator: Reading report generator properties from: C:\Tools\apache-jmeter-5.6.3\apache-jmeter-5.6.3\bin\reportgenerator.properties
2025-11-18 18:25:14,606 INFO o.a.j.r.d.ReportGenerator: Merging with JMeter properties
2025-11-18 18:25:14,612 INFO o.a.j.r.c.ReportGeneratorConfiguration: Property 'jmeter.reportgenerator.temp_dir' not found, using default value 'temp' instead.
2025-11-18 18:25:14,616 INFO o.a.j.r.c.ReportGeneratorConfiguration: Property 'jmeter.reportgenerator.apdex_per_transaction' not found, using default value 'null' instead.
2025-11-18 18:25:14,616 INFO o.a.j.r.c.ReportGeneratorConfiguration: apdex_per_transaction is empty, not APDEX per transaction customization
2025-11-18 18:25:14,616 INFO o.a.j.r.c.ReportGeneratorConfiguration: Property 'jmeter.reportgenerator.sample_filter' not found, using default value 'null' instead.
2025-11-18 18:25:14,616 INFO o.a.j.r.c.ReportGeneratorConfiguration: Property 'jmeter.reportgenerator.report_title' not found, using default value 'null' instead.
2025-11-18 18:25:14,616 INFO o.a.j.r.c.ReportGeneratorConfiguration: Property 'jmeter.reportgenerator.start_date' not found, using default value 'null' instead.
2025-11-18 18:25:14,616 INFO o.a.j.r.c.ReportGeneratorConfiguration: Property 'jmeter.reportgenerator.end_date' not found, using default value 'null' instead.
2025-11-18 18:25:14,616 INFO o.a.j.r.c.ReportGeneratorConfiguration: Property 'jmeter.reportgenerator.date_format' not found, using default value 'null' instead.
2025-11-18 18:25:14,616 INFO o.a.j.r.c.ReportGeneratorConfiguration: Will use date range start date: null, end date: null
2025-11-18 18:25:14,619 INFO o.a.j.r.c.ReportGeneratorConfiguration: Property 'jmeter.reportgenerator.graph.totalTPS.exclude_controllers' not found, using default value 'false' instead.
2025-11-18 18:25:14,619 INFO o.a.j.r.c.ReportGeneratorConfiguration: Property 'jmeter.reportgenerator.graph.activeThreadsOverTime.exclude_controllers' not found, using default value 'false' instead.
2025-11-18 18:25:14,620 INFO o.a.j.r.c.ReportGeneratorConfiguration: Property 'jmeter.reportgenerator.graph.timeVsThreads.exclude_controllers' not found, using default value 'false' instead.
2025-11-18 18:25:14,620 INFO o.a.j.r.c.ReportGeneratorConfiguration: Property 'jmeter.reportgenerator.graph.responseTimeDistribution.exclude_controllers' not found, using default value 'false' instead.
2025-11-18 18:25:14,620 INFO o.a.j.r.c.ReportGeneratorConfiguration: Property 'jmeter.reportgenerator.graph.transactionsPerSecond.exclude_controllers' not found, using default value 'false' instead.
2025-11-18 18:25:14,620 INFO o.a.j.r.c.ReportGeneratorConfiguration: Property 'jmeter.reportgenerator.graph.responseTimePercentiles.exclude_controllers' not found, using default value 'false' instead.
2025-11-18 18:25:14,620 INFO o.a.j.r.c.ReportGeneratorConfiguration: Property 'jmeter.reportgenerator.graph.responseTimePercentilesOverTime.exclude_controllers' not found, using default value 'false' instead.
2025-11-18 18:25:14,620 INFO o.a.j.r.c.ReportGeneratorConfiguration: Property 'jmeter.reportgenerator.graph.responseTimesOverTime.exclude_controllers' not found, using default value 'false' instead.
2025-11-18 18:25:14,620 INFO o.a.j.r.c.ReportGeneratorConfiguration: Property 'jmeter.reportgenerator.graph.connectTimeOverTime.exclude_controllers' not found, using default value 'false' instead.
2025-11-18 18:25:14,621 INFO o.a.j.r.c.ReportGeneratorConfiguration: Property 'jmeter.reportgenerator.graph.latenciesOverTime.exclude_controllers' not found, using default value 'false' instead.
2025-11-18 18:25:14,621 INFO o.a.j.r.c.ReportGeneratorConfiguration: Property 'jmeter.reportgenerator.exporter.json.filters_only_sample_series' not found, using default value 'true' instead.
2025-11-18 18:25:14,621 INFO o.a.j.r.c.ReportGeneratorConfiguration: Property 'jmeter.reportgenerator.exporter.json.series_filter' not found, using default value '' instead.
2025-11-18 18:25:14,621 INFO o.a.j.r.c.ReportGeneratorConfiguration: Property 'jmeter.reportgenerator.exporter.json.show_controllers_only' not found, using default value 'false' instead.
2025-11-18 18:25:14,622 INFO o.a.j.r.c.ReportGeneratorConfiguration: Property 'jmeter.reportgenerator.exporter.html.filters_only_sample_series' not found, using default value 'true' instead.
2025-11-18 18:25:14,622 INFO o.a.j.r.c.ReportGeneratorConfiguration: Property 'jmeter.reportgenerator.exporter.html.series_filter' not found, using default value '' instead.
2025-11-18 18:25:14,622 INFO o.a.j.r.c.ReportGeneratorConfiguration: Property 'jmeter.reportgenerator.exporter.html.show_controllers_only' not found, using default value 'false' instead.
2025-11-18 18:25:14,648 INFO o.a.j.e.StandardJMeterEngine: Running the test!
2025-11-18 18:25:14,649 INFO o.a.j.s.SampleEvent: List of sample_variables: []
2025-11-18 18:25:14,649 INFO o.a.j.s.SampleEvent: List of sample_variables: []
2025-11-18 18:25:14,658 INFO o.a.j.e.u.CompoundVariable: Note: Function class names must contain the string: '.functions.'
2025-11-18 18:25:14,658 INFO o.a.j.e.u.CompoundVariable: Note: Function class names must not contain the string: '.gui.'
2025-11-18 18:25:14,728 INFO o.a.j.JMeter: Running test (1763501114728)
2025-11-18 18:25:14,748 INFO o.a.j.e.StandardJMeterEngine: Starting ThreadGroup: 1 : API
2025-11-18 18:25:14,748 INFO o.a.j.e.StandardJMeterEngine: Starting 200 threads for group API.
2025-11-18 18:25:14,748 INFO o.a.j.e.StandardJMeterEngine: Thread will continue on error
2025-11-18 18:25:14,748 INFO o.a.j.t.ThreadGroup: Starting thread group... number=1 threads=200 ramp-up=15 delayedStart=false
2025-11-18 18:25:14,758 INFO o.a.j.t.JMeterThread: Thread started: API 1-1
2025-11-18 18:25:14,784 INFO o.a.j.p.h.s.HTTPHCAbstractImpl: Local host = UNI-LABF-7420
2025-11-18 18:25:14,795 INFO o.a.j.p.h.s.HTTPHC4Impl: HTTP request retry count = 0
2025-11-18 18:25:14,798 INFO o.a.j.s.SampleResult: Note: Sample TimeStamps are START times
2025-11-18 18:25:14,798 INFO o.a.j.s.SampleResult: sampleresult.default.encoding is set to UTF-8
2025-11-18 18:25:14,798 INFO o.a.j.s.SampleResult: sampleresult.useNanoTime=true
2025-11-18 18:25:14,799 INFO o.a.j.s.SampleResult: sampleresult.nanoThreadSleep=5000
2025-11-18 18:25:14,816 INFO o.a.j.t.ThreadGroup: Started thread group number 1
2025-11-18 18:25:14,816 INFO o.a.j.e.StandardJMeterEngine: All thread groups have been started
2025-11-18 18:25:14,830 INFO o.a.j.t.JMeterThread: Thread started: API 1-2
2025-11-18 18:25:14,905 INFO o.a.j.t.JMeterThread: Thread started: API 1-3
2025-11-18 18:25:14,954 INFO o.a.j.t.JMeterThread: Thread is done: API 1-1
2025-11-18 18:25:14,954 INFO o.a.j.t.JMeterThread: Thread is done: API 1-2
2025-11-18 18:25:14,954 INFO o.a.j.t.JMeterThread: Thread is done: API 1-3
2025-11-18 18:25:14,956 INFO o.a.j.t.JMeterThread: Thread finished: API 1-1
2025-11-18 18:25:14,956 INFO o.a.j.t.JMeterThread: Thread finished: API 1-2
2025-11-18 18:25:14,956 INFO o.a.j.t.JMeterThread: Thread finished: API 1-3
2025-11-18 18:25:14,979 INFO o.a.j.t.JMeterThread: Thread started: API 1-4
2025-11-18 18:25:14,987 INFO o.a.j.t.JMeterThread: Thread is done: API 1-4
2025-11-18 18:25:14,987 INFO o.a.j.t.JMeterThread: Thread finished: API 1-4
2025-11-18 18:25:15,054 INFO o.a.j.t.JMeterThread: Thread started: API 1-5
2025-11-18 18:25:15,074 INFO o.a.j.t.JMeterThread: Thread is done: API 1-5
2025-11-18 18:25:15,074 INFO o.a.j.t.JMeterThread: Thread finished: API 1-5
2025-11-18 18:25:15,129 INFO o.a.j.t.JMeterThread: Thread started: API 1-6
2025-11-18 18:25:15,148 INFO o.a.j.t.JMeterThread: Thread is done: API 1-6
2025-11-18 18:25:15,148 INFO o.a.j.t.JMeterThread: Thread finished: API 1-6
2025-11-18 18:25:15,203 INFO o.a.j.t.JMeterThread: Thread started: API 1-7
2025-11-18 18:25:15,216 INFO o.a.j.t.JMeterThread: Thread is done: API 1-7
2025-11-18 18:25:15,216 INFO o.a.j.t.JMeterThread: Thread finished: API 1-7
2025-11-18 18:25:15,278 INFO o.a.j.t.JMeterThread: Thread started: API 1-8
2025-11-18 18:25:15,291 INFO o.a.j.t.JMeterThread: Thread is done: API 1-8
2025-11-18 18:25:15,292 INFO o.a.j.t.JMeterThread: Thread finished: API 1-8
2025-11-18 18:25:15,352 INFO o.a.j.t.JMeterThread: Thread started: API 1-9
2025-11-18 18:25:15,359 INFO o.a.j.t.JMeterThread: Thread is done: API 1-9
2025-11-18 18:25:15,359 INFO o.a.j.t.JMeterThread: Thread finished: API 1-9
2025-11-18 18:25:15,427 INFO o.a.j.t.JMeterThread: Thread started: API 1-10
2025-11-18 18:25:15,438 INFO o.a.j.t.JMeterThread: Thread is done: API 1-10
2025-11-18 18:25:15,438 INFO o.a.j.t.JMeterThread: Thread finished: API 1-10
2025-11-18 18:25:15,503 INFO o.a.j.t.JMeterThread: Thread started: API 1-11
2025-11-18 18:25:15,514 INFO o.a.j.t.JMeterThread: Thread is done: API 1-11
2025-11-18 18:25:15,514 INFO o.a.j.t.JMeterThread: Thread finished: API 1-11
2025-11-18 18:25:15,578 INFO o.a.j.t.JMeterThread: Thread started: API 1-12
2025-11-18 18:25:15,587 INFO o.a.j.t.JMeterThread: Thread is done: API 1-12
2025-11-18 18:25:15,588 INFO o.a.j.t.JMeterThread: Thread finished: API 1-12
2025-11-18 18:25:15,654 INFO o.a.j.t.JMeterThread: Thread started: API 1-13
2025-11-18 18:25:15,660 INFO o.a.j.t.JMeterThread: Thread is done: API 1-13
2025-11-18 18:25:15,660 INFO o.a.j.t.JMeterThread: Thread finished: API 1-13
2025-11-18 18:25:15,727 INFO o.a.j.t.JMeterThread: Thread started: API 1-14
2025-11-18 18:25:15,740 INFO o.a.j.t.JMeterThread: Thread is done: API 1-14
2025-11-18 18:25:15,741 INFO o.a.j.t.JMeterThread: Thread finished: API 1-14
2025-11-18 18:25:15,800 INFO o.a.j.t.JMeterThread: Thread started: API 1-15
2025-11-18 18:25:15,808 INFO o.a.j.t.JMeterThread: Thread is done: API 1-15
2025-11-18 18:25:15,808 INFO o.a.j.t.JMeterThread: Thread finished: API 1-15
2025-11-18 18:25:15,873 INFO o.a.j.t.JMeterThread: Thread started: API 1-16
2025-11-18 18:25:15,887 INFO o.a.j.t.JMeterThread: Thread is done: API 1-16
2025-11-18 18:25:15,888 INFO o.a.j.t.JMeterThread: Thread finished: API 1-16
2025-11-18 18:25:15,949 INFO o.a.j.t.JMeterThread: Thread started: API 1-17
2025-11-18 18:25:15,955 INFO o.a.j.t.JMeterThread: Thread is done: API 1-17
2025-11-18 18:25:15,955 INFO o.a.j.t.JMeterThread: Thread finished: API 1-17
2025-11-18 18:25:16,027 INFO o.a.j.t.JMeterThread: Thread started: API 1-18
2025-11-18 18:25:16,044 INFO o.a.j.t.JMeterThread: Thread is done: API 1-18
2025-11-18 18:25:16,044 INFO o.a.j.t.JMeterThread: Thread finished: API 1-18
2025-11-18 18:25:16,101 INFO o.a.j.t.JMeterThread: Thread started: API 1-19
2025-11-18 18:25:16,116 INFO o.a.j.t.JMeterThread: Thread is done: API 1-19
2025-11-18 18:25:16,116 INFO o.a.j.t.JMeterThread: Thread finished: API 1-19
2025-11-18 18:25:16,176 INFO o.a.j.t.JMeterThread: Thread started: API 1-20
2025-11-18 18:25:16,182 INFO o.a.j.t.JMeterThread: Thread is done: API 1-20
2025-11-18 18:25:16,182 INFO o.a.j.t.JMeterThread: Thread finished: API 1-20
2025-11-18 18:25:16,252 INFO o.a.j.t.JMeterThread: Thread started: API 1-21
2025-11-18 18:25:16,260 INFO o.a.j.t.JMeterThread: Thread is done: API 1-21
2025-11-18 18:25:16,260 INFO o.a.j.t.JMeterThread: Thread finished: API 1-21
2025-11-18 18:25:16,326 INFO o.a.j.t.JMeterThread: Thread started: API 1-22
2025-11-18 18:25:16,339 INFO o.a.j.t.JMeterThread: Thread is done: API 1-22
2025-11-18 18:25:16,339 INFO o.a.j.t.JMeterThread: Thread finished: API 1-22
2025-11-18 18:25:16,402 INFO o.a.j.t.JMeterThread: Thread started: API 1-23
2025-11-18 18:25:16,409 INFO o.a.j.t.JMeterThread: Thread is done: API 1-23
2025-11-18 18:25:16,409 INFO o.a.j.t.JMeterThread: Thread finished: API 1-23
2025-11-18 18:25:16,477 INFO o.a.j.t.JMeterThread: Thread started: API 1-24
2025-11-18 18:25:16,485 INFO o.a.j.t.JMeterThread: Thread is done: API 1-24
2025-11-18 18:25:16,485 INFO o.a.j.t.JMeterThread: Thread finished: API 1-24
2025-11-18 18:25:16,552 INFO o.a.j.t.JMeterThread: Thread started: API 1-25
2025-11-18 18:25:16,559 INFO o.a.j.t.JMeterThread: Thread is done: API 1-25
2025-11-18 18:25:16,559 INFO o.a.j.t.JMeterThread: Thread finished: API 1-25
2025-11-18 18:25:16,627 INFO o.a.j.t.JMeterThread: Thread started: API 1-26
2025-11-18 18:25:16,640 INFO o.a.j.t.JMeterThread: Thread is done: API 1-26
2025-11-18 18:25:16,641 INFO o.a.j.t.JMeterThread: Thread finished: API 1-26
2025-11-18 18:25:16,702 INFO o.a.j.t.JMeterThread: Thread started: API 1-27
2025-11-18 18:25:16,712 INFO o.a.j.t.JMeterThread: Thread is done: API 1-27
2025-11-18 18:25:16,712 INFO o.a.j.t.JMeterThread: Thread finished: API 1-27
2025-11-18 18:25:16,773 INFO o.a.j.t.JMeterThread: Thread started: API 1-28
2025-11-18 18:25:16,784 INFO o.a.j.t.JMeterThread: Thread is done: API 1-28
2025-11-18 18:25:16,784 INFO o.a.j.t.JMeterThread: Thread finished: API 1-28
2025-11-18 18:25:16,848 INFO o.a.j.t.JMeterThread: Thread started: API 1-29
2025-11-18 18:25:16,862 INFO o.a.j.t.JMeterThread: Thread is done: API 1-29
2025-11-18 18:25:16,863 INFO o.a.j.t.JMeterThread: Thread finished: API 1-29
2025-11-18 18:25:16,925 INFO o.a.j.t.JMeterThread: Thread started: API 1-30
2025-11-18 18:25:16,939 INFO o.a.j.t.JMeterThread: Thread is done: API 1-30
2025-11-18 18:25:16,939 INFO o.a.j.t.JMeterThread: Thread finished: API 1-30
2025-11-18 18:25:17,001 INFO o.a.j.t.JMeterThread: Thread started: API 1-31
2025-11-18 18:25:17,015 INFO o.a.j.t.JMeterThread: Thread is done: API 1-31
2025-11-18 18:25:17,015 INFO o.a.j.t.JMeterThread: Thread finished: API 1-31
2025-11-18 18:25:17,074 INFO o.a.j.t.JMeterThread: Thread started: API 1-32
2025-11-18 18:25:17,082 INFO o.a.j.t.JMeterThread: Thread is done: API 1-32
2025-11-18 18:25:17,082 INFO o.a.j.t.JMeterThread: Thread finished: API 1-32
2025-11-18 18:25:17,150 INFO o.a.j.t.JMeterThread: Thread started: API 1-33
2025-11-18 18:25:17,163 INFO o.a.j.t.JMeterThread: Thread is done: API 1-33
2025-11-18 18:25:17,163 INFO o.a.j.t.JMeterThread: Thread finished: API 1-33
2025-11-18 18:25:17,225 INFO o.a.j.t.JMeterThread: Thread started: API 1-34
2025-11-18 18:25:17,240 INFO o.a.j.t.JMeterThread: Thread is done: API 1-34
2025-11-18 18:25:17,240 INFO o.a.j.t.JMeterThread: Thread finished: API 1-34
2025-11-18 18:25:17,299 INFO o.a.j.t.JMeterThread: Thread started: API 1-35
2025-11-18 18:25:17,312 INFO o.a.j.t.JMeterThread: Thread is done: API 1-35
2025-11-18 18:25:17,312 INFO o.a.j.t.JMeterThread: Thread finished: API 1-35
2025-11-18 18:25:17,375 INFO o.a.j.t.JMeterThread: Thread started: API 1-36
2025-11-18 18:25:17,387 INFO o.a.j.t.JMeterThread: Thread is done: API 1-36
2025-11-18 18:25:17,388 INFO o.a.j.t.JMeterThread: Thread finished: API 1-36
2025-11-18 18:25:17,451 INFO o.a.j.t.JMeterThread: Thread started: API 1-37
2025-11-18 18:25:17,466 INFO o.a.j.t.JMeterThread: Thread is done: API 1-37
2025-11-18 18:25:17,467 INFO o.a.j.t.JMeterThread: Thread finished: API 1-37
2025-11-18 18:25:17,526 INFO o.a.j.t.JMeterThread: Thread started: API 1-38
2025-11-18 18:25:17,540 INFO o.a.j.t.JMeterThread: Thread is done: API 1-38
2025-11-18 18:25:17,540 INFO o.a.j.t.JMeterThread: Thread finished: API 1-38
2025-11-18 18:25:17,601 INFO o.a.j.t.JMeterThread: Thread started: API 1-39
2025-11-18 18:25:17,617 INFO o.a.j.t.JMeterThread: Thread is done: API 1-39
2025-11-18 18:25:17,618 INFO o.a.j.t.JMeterThread: Thread finished: API 1-39
2025-11-18 18:25:17,677 INFO o.a.j.t.JMeterThread: Thread started: API 1-40
2025-11-18 18:25:17,693 INFO o.a.j.t.JMeterThread: Thread is done: API 1-40
2025-11-18 18:25:17,693 INFO o.a.j.t.JMeterThread: Thread finished: API 1-40
2025-11-18 18:25:17,753 INFO o.a.j.t.JMeterThread: Thread started: API 1-41
2025-11-18 18:25:17,761 INFO o.a.j.t.JMeterThread: Thread is done: API 1-41
2025-11-18 18:25:17,761 INFO o.a.j.t.JMeterThread: Thread finished: API 1-41
2025-11-18 18:25:17,824 INFO o.a.j.t.JMeterThread: Thread started: API 1-42
2025-11-18 18:25:17,835 INFO o.a.j.t.JMeterThread: Thread is done: API 1-42
2025-11-18 18:25:17,835 INFO o.a.j.t.JMeterThread: Thread finished: API 1-42
2025-11-18 18:25:17,899 INFO o.a.j.t.JMeterThread: Thread started: API 1-43
2025-11-18 18:25:17,915 INFO o.a.j.t.JMeterThread: Thread is done: API 1-43
2025-11-18 18:25:17,915 INFO o.a.j.t.JMeterThread: Thread finished: API 1-43
2025-11-18 18:25:17,974 INFO o.a.j.t.JMeterThread: Thread started: API 1-44
2025-11-18 18:25:17,989 INFO o.a.j.t.JMeterThread: Thread is done: API 1-44
2025-11-18 18:25:17,990 INFO o.a.j.t.JMeterThread: Thread finished: API 1-44
2025-11-18 18:25:18,049 INFO o.a.j.t.JMeterThread: Thread started: API 1-45
2025-11-18 18:25:18,061 INFO o.a.j.t.JMeterThread: Thread is done: API 1-45
2025-11-18 18:25:18,062 INFO o.a.j.t.JMeterThread: Thread finished: API 1-45
2025-11-18 18:25:18,125 INFO o.a.j.t.JMeterThread: Thread started: API 1-46
2025-11-18 18:25:18,138 INFO o.a.j.t.JMeterThread: Thread is done: API 1-46
2025-11-18 18:25:18,138 INFO o.a.j.t.JMeterThread: Thread finished: API 1-46
2025-11-18 18:25:18,201 INFO o.a.j.t.JMeterThread: Thread started: API 1-47
2025-11-18 18:25:18,215 INFO o.a.j.t.JMeterThread: Thread is done: API 1-47
2025-11-18 18:25:18,215 INFO o.a.j.t.JMeterThread: Thread finished: API 1-47
2025-11-18 18:25:18,276 INFO o.a.j.t.JMeterThread: Thread started: API 1-48
2025-11-18 18:25:18,288 INFO o.a.j.t.JMeterThread: Thread is done: API 1-48
2025-11-18 18:25:18,288 INFO o.a.j.t.JMeterThread: Thread finished: API 1-48
2025-11-18 18:25:18,352 INFO o.a.j.t.JMeterThread: Thread started: API 1-49
2025-11-18 18:25:18,366 INFO o.a.j.t.JMeterThread: Thread is done: API 1-49
2025-11-18 18:25:18,366 INFO o.a.j.t.JMeterThread: Thread finished: API 1-49
2025-11-18 18:25:18,425 INFO o.a.j.t.JMeterThread: Thread started: API 1-50
2025-11-18 18:25:18,436 INFO o.a.j.t.JMeterThread: Thread is done: API 1-50
2025-11-18 18:25:18,436 INFO o.a.j.t.JMeterThread: Thread finished: API 1-50
2025-11-18 18:25:18,502 INFO o.a.j.t.JMeterThread: Thread started: API 1-51
2025-11-18 18:25:18,518 INFO o.a.j.t.JMeterThread: Thread is done: API 1-51
2025-11-18 18:25:18,518 INFO o.a.j.t.JMeterThread: Thread finished: API 1-51
2025-11-18 18:25:18,577 INFO o.a.j.t.JMeterThread: Thread started: API 1-52
2025-11-18 18:25:18,589 INFO o.a.j.t.JMeterThread: Thread is done: API 1-52
2025-11-18 18:25:18,589 INFO o.a.j.t.JMeterThread: Thread finished: API 1-52
2025-11-18 18:25:18,652 INFO o.a.j.t.JMeterThread: Thread started: API 1-53
2025-11-18 18:25:18,668 INFO o.a.j.t.JMeterThread: Thread is done: API 1-53
2025-11-18 18:25:18,668 INFO o.a.j.t.JMeterThread: Thread finished: API 1-53
2025-11-18 18:25:18,729 INFO o.a.j.t.JMeterThread: Thread started: API 1-54
2025-11-18 18:25:18,743 INFO o.a.j.t.JMeterThread: Thread is done: API 1-54
2025-11-18 18:25:18,743 INFO o.a.j.t.JMeterThread: Thread finished: API 1-54
2025-11-18 18:25:18,800 INFO o.a.j.t.JMeterThread: Thread started: API 1-55
2025-11-18 18:25:18,817 INFO o.a.j.t.JMeterThread: Thread is done: API 1-55
2025-11-18 18:25:18,817 INFO o.a.j.t.JMeterThread: Thread finished: API 1-55
2025-11-18 18:25:18,874 INFO o.a.j.t.JMeterThread: Thread started: API 1-56
2025-11-18 18:25:18,887 INFO o.a.j.t.JMeterThread: Thread is done: API 1-56
2025-11-18 18:25:18,887 INFO o.a.j.t.JMeterThread: Thread finished: API 1-56
2025-11-18 18:25:18,950 INFO o.a.j.t.JMeterThread: Thread started: API 1-57
2025-11-18 18:25:18,968 INFO o.a.j.t.JMeterThread: Thread is done: API 1-57
2025-11-18 18:25:18,968 INFO o.a.j.t.JMeterThread: Thread finished: API 1-57
2025-11-18 18:25:19,025 INFO o.a.j.t.JMeterThread: Thread started: API 1-58
2025-11-18 18:25:19,037 INFO o.a.j.t.JMeterThread: Thread is done: API 1-58
2025-11-18 18:25:19,037 INFO o.a.j.t.JMeterThread: Thread finished: API 1-58
2025-11-18 18:25:19,101 INFO o.a.j.t.JMeterThread: Thread started: API 1-59
2025-11-18 18:25:19,110 INFO o.a.j.t.JMeterThread: Thread is done: API 1-59
2025-11-18 18:25:19,110 INFO o.a.j.t.JMeterThread: Thread finished: API 1-59
2025-11-18 18:25:19,175 INFO o.a.j.t.JMeterThread: Thread started: API 1-60
2025-11-18 18:25:19,181 INFO o.a.j.t.JMeterThread: Thread is done: API 1-60
2025-11-18 18:25:19,182 INFO o.a.j.t.JMeterThread: Thread finished: API 1-60
2025-11-18 18:25:19,250 INFO o.a.j.t.JMeterThread: Thread started: API 1-61
2025-11-18 18:25:19,264 INFO o.a.j.t.JMeterThread: Thread is done: API 1-61
2025-11-18 18:25:19,264 INFO o.a.j.t.JMeterThread: Thread finished: API 1-61
2025-11-18 18:25:19,324 INFO o.a.j.t.JMeterThread: Thread started: API 1-62
2025-11-18 18:25:19,336 INFO o.a.j.t.JMeterThread: Thread is done: API 1-62
2025-11-18 18:25:19,337 INFO o.a.j.t.JMeterThread: Thread finished: API 1-62
2025-11-18 18:25:19,401 INFO o.a.j.t.JMeterThread: Thread started: API 1-63
2025-11-18 18:25:19,415 INFO o.a.j.t.JMeterThread: Thread is done: API 1-63
2025-11-18 18:25:19,415 INFO o.a.j.t.JMeterThread: Thread finished: API 1-63
2025-11-18 18:25:19,476 INFO o.a.j.t.JMeterThread: Thread started: API 1-64
2025-11-18 18:25:19,489 INFO o.a.j.t.JMeterThread: Thread is done: API 1-64
2025-11-18 18:25:19,489 INFO o.a.j.t.JMeterThread: Thread finished: API 1-64
2025-11-18 18:25:19,550 INFO o.a.j.t.JMeterThread: Thread started: API 1-65
2025-11-18 18:25:19,562 INFO o.a.j.t.JMeterThread: Thread is done: API 1-65
2025-11-18 18:25:19,562 INFO o.a.j.t.JMeterThread: Thread finished: API 1-65
2025-11-18 18:25:19,626 INFO o.a.j.t.JMeterThread: Thread started: API 1-66
2025-11-18 18:25:19,638 INFO o.a.j.t.JMeterThread: Thread is done: API 1-66
2025-11-18 18:25:19,638 INFO o.a.j.t.JMeterThread: Thread finished: API 1-66
2025-11-18 18:25:19,701 INFO o.a.j.t.JMeterThread: Thread started: API 1-67
2025-11-18 18:25:19,716 INFO o.a.j.t.JMeterThread: Thread is done: API 1-67
2025-11-18 18:25:19,716 INFO o.a.j.t.JMeterThread: Thread finished: API 1-67
2025-11-18 18:25:19,776 INFO o.a.j.t.JMeterThread: Thread started: API 1-68
2025-11-18 18:25:19,789 INFO o.a.j.t.JMeterThread: Thread is done: API 1-68
2025-11-18 18:25:19,789 INFO o.a.j.t.JMeterThread: Thread finished: API 1-68
2025-11-18 18:25:19,850 INFO o.a.j.t.JMeterThread: Thread started: API 1-69
2025-11-18 18:25:19,861 INFO o.a.j.t.JMeterThread: Thread is done: API 1-69
2025-11-18 18:25:19,861 INFO o.a.j.t.JMeterThread: Thread finished: API 1-69
2025-11-18 18:25:19,924 INFO o.a.j.t.JMeterThread: Thread started: API 1-70
2025-11-18 18:25:19,933 INFO o.a.j.t.JMeterThread: Thread is done: API 1-70
2025-11-18 18:25:19,933 INFO o.a.j.t.JMeterThread: Thread finished: API 1-70
2025-11-18 18:25:19,999 INFO o.a.j.t.JMeterThread: Thread started: API 1-71
2025-11-18 18:25:20,019 INFO o.a.j.t.JMeterThread: Thread is done: API 1-71
2025-11-18 18:25:20,019 INFO o.a.j.t.JMeterThread: Thread finished: API 1-71
2025-11-18 18:25:20,074 INFO o.a.j.t.JMeterThread: Thread started: API 1-72
2025-11-18 18:25:20,088 INFO o.a.j.t.JMeterThread: Thread is done: API 1-72
2025-11-18 18:25:20,088 INFO o.a.j.t.JMeterThread: Thread finished: API 1-72
2025-11-18 18:25:20,150 INFO o.a.j.t.JMeterThread: Thread started: API 1-73
2025-11-18 18:25:20,161 INFO o.a.j.t.JMeterThread: Thread is done: API 1-73
2025-11-18 18:25:20,161 INFO o.a.j.t.JMeterThread: Thread finished: API 1-73
2025-11-18 18:25:20,227 INFO o.a.j.t.JMeterThread: Thread started: API 1-74
2025-11-18 18:25:20,240 INFO o.a.j.t.JMeterThread: Thread is done: API 1-74
2025-11-18 18:25:20,240 INFO o.a.j.t.JMeterThread: Thread finished: API 1-74
2025-11-18 18:25:20,302 INFO o.a.j.t.JMeterThread: Thread started: API 1-75
2025-11-18 18:25:20,321 INFO o.a.j.t.JMeterThread: Thread is done: API 1-75
2025-11-18 18:25:20,321 INFO o.a.j.t.JMeterThread: Thread finished: API 1-75
2025-11-18 18:25:20,375 INFO o.a.j.t.JMeterThread: Thread started: API 1-76
2025-11-18 18:25:20,391 INFO o.a.j.t.JMeterThread: Thread is done: API 1-76
2025-11-18 18:25:20,391 INFO o.a.j.t.JMeterThread: Thread finished: API 1-76
2025-11-18 18:25:20,450 INFO o.a.j.t.JMeterThread: Thread started: API 1-77
2025-11-18 18:25:20,470 INFO o.a.j.t.JMeterThread: Thread is done: API 1-77
2025-11-18 18:25:20,470 INFO o.a.j.t.JMeterThread: Thread finished: API 1-77
2025-11-18 18:25:20,526 INFO o.a.j.t.JMeterThread: Thread started: API 1-78
2025-11-18 18:25:20,540 INFO o.a.j.t.JMeterThread: Thread is done: API 1-78
2025-11-18 18:25:20,540 INFO o.a.j.t.JMeterThread: Thread finished: API 1-78
2025-11-18 18:25:20,602 INFO o.a.j.t.JMeterThread: Thread started: API 1-79
2025-11-18 18:25:20,617 INFO o.a.j.t.JMeterThread: Thread is done: API 1-79
2025-11-18 18:25:20,617 INFO o.a.j.t.JMeterThread: Thread finished: API 1-79
2025-11-18 18:25:20,678 INFO o.a.j.t.JMeterThread: Thread started: API 1-80
2025-11-18 18:25:20,692 INFO o.a.j.t.JMeterThread: Thread is done: API 1-80
2025-11-18 18:25:20,692 INFO o.a.j.t.JMeterThread: Thread finished: API 1-80
2025-11-18 18:25:20,751 INFO o.a.j.t.JMeterThread: Thread started: API 1-81
2025-11-18 18:25:20,766 INFO o.a.j.t.JMeterThread: Thread is done: API 1-81
2025-11-18 18:25:20,766 INFO o.a.j.t.JMeterThread: Thread finished: API 1-81
2025-11-18 18:25:20,824 INFO o.a.j.t.JMeterThread: Thread started: API 1-82
2025-11-18 18:25:20,833 INFO o.a.j.t.JMeterThread: Thread is done: API 1-82
2025-11-18 18:25:20,833 INFO o.a.j.t.JMeterThread: Thread finished: API 1-82
2025-11-18 18:25:20,899 INFO o.a.j.t.JMeterThread: Thread started: API 1-83
2025-11-18 18:25:20,913 INFO o.a.j.t.JMeterThread: Thread is done: API 1-83
2025-11-18 18:25:20,913 INFO o.a.j.t.JMeterThread: Thread finished: API 1-83
2025-11-18 18:25:20,975 INFO o.a.j.t.JMeterThread: Thread started: API 1-84
2025-11-18 18:25:20,988 INFO o.a.j.t.JMeterThread: Thread is done: API 1-84
2025-11-18 18:25:20,989 INFO o.a.j.t.JMeterThread: Thread finished: API 1-84
2025-11-18 18:25:21,050 INFO o.a.j.t.JMeterThread: Thread started: API 1-85
2025-11-18 18:25:21,064 INFO o.a.j.t.JMeterThread: Thread is done: API 1-85
2025-11-18 18:25:21,064 INFO o.a.j.t.JMeterThread: Thread finished: API 1-85
2025-11-18 18:25:21,129 INFO o.a.j.t.JMeterThread: Thread started: API 1-86
2025-11-18 18:25:21,142 INFO o.a.j.t.JMeterThread: Thread is done: API 1-86
2025-11-18 18:25:21,142 INFO o.a.j.t.JMeterThread: Thread finished: API 1-86
2025-11-18 18:25:21,201 INFO o.a.j.t.JMeterThread: Thread started: API 1-87
2025-11-18 18:25:21,213 INFO o.a.j.t.JMeterThread: Thread is done: API 1-87
2025-11-18 18:25:21,213 INFO o.a.j.t.JMeterThread: Thread finished: API 1-87
2025-11-18 18:25:21,276 INFO o.a.j.t.JMeterThread: Thread started: API 1-88
2025-11-18 18:25:21,286 INFO o.a.j.t.JMeterThread: Thread is done: API 1-88
2025-11-18 18:25:21,286 INFO o.a.j.t.JMeterThread: Thread finished: API 1-88
2025-11-18 18:25:21,350 INFO o.a.j.t.JMeterThread: Thread started: API 1-89
2025-11-18 18:25:21,356 INFO o.a.j.t.JMeterThread: Thread is done: API 1-89
2025-11-18 18:25:21,356 INFO o.a.j.t.JMeterThread: Thread finished: API 1-89
2025-11-18 18:25:21,425 INFO o.a.j.t.JMeterThread: Thread started: API 1-90
2025-11-18 18:25:21,437 INFO o.a.j.t.JMeterThread: Thread is done: API 1-90
2025-11-18 18:25:21,437 INFO o.a.j.t.JMeterThread: Thread finished: API 1-90
2025-11-18 18:25:21,501 INFO o.a.j.t.JMeterThread: Thread started: API 1-91
2025-11-18 18:25:21,514 INFO o.a.j.t.JMeterThread: Thread is done: API 1-91
2025-11-18 18:25:21,514 INFO o.a.j.t.JMeterThread: Thread finished: API 1-91
2025-11-18 18:25:21,576 INFO o.a.j.t.JMeterThread: Thread started: API 1-92
2025-11-18 18:25:21,587 INFO o.a.j.t.JMeterThread: Thread is done: API 1-92
2025-11-18 18:25:21,587 INFO o.a.j.t.JMeterThread: Thread finished: API 1-92
2025-11-18 18:25:21,651 INFO o.a.j.t.JMeterThread: Thread started: API 1-93
2025-11-18 18:25:21,666 INFO o.a.j.t.JMeterThread: Thread is done: API 1-93
2025-11-18 18:25:21,666 INFO o.a.j.t.JMeterThread: Thread finished: API 1-93
2025-11-18 18:25:21,727 INFO o.a.j.t.JMeterThread: Thread started: API 1-94
2025-11-18 18:25:21,739 INFO o.a.j.t.JMeterThread: Thread is done: API 1-94
2025-11-18 18:25:21,739 INFO o.a.j.t.JMeterThread: Thread finished: API 1-94
2025-11-18 18:25:21,802 INFO o.a.j.t.JMeterThread: Thread started: API 1-95
2025-11-18 18:25:21,820 INFO o.a.j.t.JMeterThread: Thread is done: API 1-95
2025-11-18 18:25:21,820 INFO o.a.j.t.JMeterThread: Thread finished: API 1-95
2025-11-18 18:25:21,874 INFO o.a.j.t.JMeterThread: Thread started: API 1-96
2025-11-18 18:25:21,880 INFO o.a.j.t.JMeterThread: Thread is done: API 1-96
2025-11-18 18:25:21,881 INFO o.a.j.t.JMeterThread: Thread finished: API 1-96
2025-11-18 18:25:21,950 INFO o.a.j.t.JMeterThread: Thread started: API 1-97
2025-11-18 18:25:21,963 INFO o.a.j.t.JMeterThread: Thread is done: API 1-97
2025-11-18 18:25:21,963 INFO o.a.j.t.JMeterThread: Thread finished: API 1-97
2025-11-18 18:25:22,024 INFO o.a.j.t.JMeterThread: Thread started: API 1-98
2025-11-18 18:25:22,037 INFO o.a.j.t.JMeterThread: Thread is done: API 1-98
2025-11-18 18:25:22,037 INFO o.a.j.t.JMeterThread: Thread finished: API 1-98
2025-11-18 18:25:22,099 INFO o.a.j.t.JMeterThread: Thread started: API 1-99
2025-11-18 18:25:22,113 INFO o.a.j.t.JMeterThread: Thread is done: API 1-99
2025-11-18 18:25:22,113 INFO o.a.j.t.JMeterThread: Thread finished: API 1-99
2025-11-18 18:25:22,176 INFO o.a.j.t.JMeterThread: Thread started: API 1-100
2025-11-18 18:25:22,188 INFO o.a.j.t.JMeterThread: Thread is done: API 1-100
2025-11-18 18:25:22,188 INFO o.a.j.t.JMeterThread: Thread finished: API 1-100
2025-11-18 18:25:22,251 INFO o.a.j.t.JMeterThread: Thread started: API 1-101
2025-11-18 18:25:22,263 INFO o.a.j.t.JMeterThread: Thread is done: API 1-101
2025-11-18 18:25:22,263 INFO o.a.j.t.JMeterThread: Thread finished: API 1-101
2025-11-18 18:25:22,326 INFO o.a.j.t.JMeterThread: Thread started: API 1-102
2025-11-18 18:25:22,337 INFO o.a.j.t.JMeterThread: Thread is done: API 1-102
2025-11-18 18:25:22,337 INFO o.a.j.t.JMeterThread: Thread finished: API 1-102
2025-11-18 18:25:22,402 INFO o.a.j.t.JMeterThread: Thread started: API 1-103
2025-11-18 18:25:22,411 INFO o.a.j.t.JMeterThread: Thread is done: API 1-103
2025-11-18 18:25:22,411 INFO o.a.j.t.JMeterThread: Thread finished: API 1-103
2025-11-18 18:25:22,477 INFO o.a.j.t.JMeterThread: Thread started: API 1-104
2025-11-18 18:25:22,491 INFO o.a.j.t.JMeterThread: Thread is done: API 1-104
2025-11-18 18:25:22,491 INFO o.a.j.t.JMeterThread: Thread finished: API 1-104
2025-11-18 18:25:22,551 INFO o.a.j.t.JMeterThread: Thread started: API 1-105
2025-11-18 18:25:22,566 INFO o.a.j.t.JMeterThread: Thread is done: API 1-105
2025-11-18 18:25:22,566 INFO o.a.j.t.JMeterThread: Thread finished: API 1-105
2025-11-18 18:25:22,627 INFO o.a.j.t.JMeterThread: Thread started: API 1-106
2025-11-18 18:25:22,638 INFO o.a.j.t.JMeterThread: Thread is done: API 1-106
2025-11-18 18:25:22,639 INFO o.a.j.t.JMeterThread: Thread finished: API 1-106
2025-11-18 18:25:22,702 INFO o.a.j.t.JMeterThread: Thread started: API 1-107
2025-11-18 18:25:22,715 INFO o.a.j.t.JMeterThread: Thread is done: API 1-107
2025-11-18 18:25:22,715 INFO o.a.j.t.JMeterThread: Thread finished: API 1-107
2025-11-18 18:25:22,776 INFO o.a.j.t.JMeterThread: Thread started: API 1-108
2025-11-18 18:25:22,793 INFO o.a.j.t.JMeterThread: Thread is done: API 1-108
2025-11-18 18:25:22,793 INFO o.a.j.t.JMeterThread: Thread finished: API 1-108
2025-11-18 18:25:22,849 INFO o.a.j.t.JMeterThread: Thread started: API 1-109
2025-11-18 18:25:22,862 INFO o.a.j.t.JMeterThread: Thread is done: API 1-109
2025-11-18 18:25:22,862 INFO o.a.j.t.JMeterThread: Thread finished: API 1-109
2025-11-18 18:25:22,925 INFO o.a.j.t.JMeterThread: Thread started: API 1-110
2025-11-18 18:25:22,936 INFO o.a.j.t.JMeterThread: Thread is done: API 1-110
2025-11-18 18:25:22,936 INFO o.a.j.t.JMeterThread: Thread finished: API 1-110
2025-11-18 18:25:23,000 INFO o.a.j.t.JMeterThread: Thread started: API 1-111
2025-11-18 18:25:23,011 INFO o.a.j.t.JMeterThread: Thread is done: API 1-111
2025-11-18 18:25:23,011 INFO o.a.j.t.JMeterThread: Thread finished: API 1-111
2025-11-18 18:25:23,075 INFO o.a.j.t.JMeterThread: Thread started: API 1-112
2025-11-18 18:25:23,085 INFO o.a.j.t.JMeterThread: Thread is done: API 1-112
2025-11-18 18:25:23,085 INFO o.a.j.t.JMeterThread: Thread finished: API 1-112
2025-11-18 18:25:23,150 INFO o.a.j.t.JMeterThread: Thread started: API 1-113
2025-11-18 18:25:23,167 INFO o.a.j.t.JMeterThread: Thread is done: API 1-113
2025-11-18 18:25:23,167 INFO o.a.j.t.JMeterThread: Thread finished: API 1-113
2025-11-18 18:25:23,226 INFO o.a.j.t.JMeterThread: Thread started: API 1-114
2025-11-18 18:25:23,237 INFO o.a.j.t.JMeterThread: Thread is done: API 1-114
2025-11-18 18:25:23,237 INFO o.a.j.t.JMeterThread: Thread finished: API 1-114
2025-11-18 18:25:23,301 INFO o.a.j.t.JMeterThread: Thread started: API 1-115
2025-11-18 18:25:23,307 INFO o.a.j.t.JMeterThread: Thread is done: API 1-115
2025-11-18 18:25:23,308 INFO o.a.j.t.JMeterThread: Thread finished: API 1-115
2025-11-18 18:25:23,377 INFO o.a.j.t.JMeterThread: Thread started: API 1-116
2025-11-18 18:25:23,390 INFO o.a.j.t.JMeterThread: Thread is done: API 1-116
2025-11-18 18:25:23,390 INFO o.a.j.t.JMeterThread: Thread finished: API 1-116
2025-11-18 18:25:23,451 INFO o.a.j.t.JMeterThread: Thread started: API 1-117
2025-11-18 18:25:23,461 INFO o.a.j.t.JMeterThread: Thread is done: API 1-117
2025-11-18 18:25:23,462 INFO o.a.j.t.JMeterThread: Thread finished: API 1-117
2025-11-18 18:25:23,525 INFO o.a.j.t.JMeterThread: Thread started: API 1-118
2025-11-18 18:25:23,538 INFO o.a.j.t.JMeterThread: Thread is done: API 1-118
2025-11-18 18:25:23,538 INFO o.a.j.t.JMeterThread: Thread finished: API 1-118
2025-11-18 18:25:23,602 INFO o.a.j.t.JMeterThread: Thread started: API 1-119
2025-11-18 18:25:23,611 INFO o.a.j.t.JMeterThread: Thread is done: API 1-119
2025-11-18 18:25:23,611 INFO o.a.j.t.JMeterThread: Thread finished: API 1-119
2025-11-18 18:25:23,677 INFO o.a.j.t.JMeterThread: Thread started: API 1-120
2025-11-18 18:25:23,687 INFO o.a.j.t.JMeterThread: Thread is done: API 1-120
2025-11-18 18:25:23,687 INFO o.a.j.t.JMeterThread: Thread finished: API 1-120
2025-11-18 18:25:23,752 INFO o.a.j.t.JMeterThread: Thread started: API 1-121
2025-11-18 18:25:23,765 INFO o.a.j.t.JMeterThread: Thread is done: API 1-121
2025-11-18 18:25:23,765 INFO o.a.j.t.JMeterThread: Thread finished: API 1-121
2025-11-18 18:25:23,827 INFO o.a.j.t.JMeterThread: Thread started: API 1-122
2025-11-18 18:25:23,840 INFO o.a.j.t.JMeterThread: Thread is done: API 1-122
2025-11-18 18:25:23,840 INFO o.a.j.t.JMeterThread: Thread finished: API 1-122
2025-11-18 18:25:23,898 INFO o.a.j.t.JMeterThread: Thread started: API 1-123
2025-11-18 18:25:23,909 INFO o.a.j.t.JMeterThread: Thread is done: API 1-123
2025-11-18 18:25:23,910 INFO o.a.j.t.JMeterThread: Thread finished: API 1-123
2025-11-18 18:25:23,973 INFO o.a.j.t.JMeterThread: Thread started: API 1-124
2025-11-18 18:25:23,987 INFO o.a.j.t.JMeterThread: Thread is done: API 1-124
2025-11-18 18:25:23,987 INFO o.a.j.t.JMeterThread: Thread finished: API 1-124
2025-11-18 18:25:24,049 INFO o.a.j.t.JMeterThread: Thread started: API 1-125
2025-11-18 18:25:24,062 INFO o.a.j.t.JMeterThread: Thread is done: API 1-125
2025-11-18 18:25:24,062 INFO o.a.j.t.JMeterThread: Thread finished: API 1-125
2025-11-18 18:25:24,126 INFO o.a.j.t.JMeterThread: Thread started: API 1-126
2025-11-18 18:25:24,139 INFO o.a.j.t.JMeterThread: Thread is done: API 1-126
2025-11-18 18:25:24,139 INFO o.a.j.t.JMeterThread: Thread finished: API 1-126
2025-11-18 18:25:24,203 INFO o.a.j.t.JMeterThread: Thread started: API 1-127
2025-11-18 18:25:24,217 INFO o.a.j.t.JMeterThread: Thread is done: API 1-127
2025-11-18 18:25:24,217 INFO o.a.j.t.JMeterThread: Thread finished: API 1-127
2025-11-18 18:25:24,275 INFO o.a.j.t.JMeterThread: Thread started: API 1-128
2025-11-18 18:25:24,297 INFO o.a.j.t.JMeterThread: Thread is done: API 1-128
2025-11-18 18:25:24,297 INFO o.a.j.t.JMeterThread: Thread finished: API 1-128
2025-11-18 18:25:24,350 INFO o.a.j.t.JMeterThread: Thread started: API 1-129
2025-11-18 18:25:24,367 INFO o.a.j.t.JMeterThread: Thread is done: API 1-129
2025-11-18 18:25:24,367 INFO o.a.j.t.JMeterThread: Thread finished: API 1-129
2025-11-18 18:25:24,425 INFO o.a.j.t.JMeterThread: Thread started: API 1-130
2025-11-18 18:25:24,437 INFO o.a.j.t.JMeterThread: Thread is done: API 1-130
2025-11-18 18:25:24,437 INFO o.a.j.t.JMeterThread: Thread finished: API 1-130
2025-11-18 18:25:24,502 INFO o.a.j.t.JMeterThread: Thread started: API 1-131
2025-11-18 18:25:24,514 INFO o.a.j.t.JMeterThread: Thread is done: API 1-131
2025-11-18 18:25:24,514 INFO o.a.j.t.JMeterThread: Thread finished: API 1-131
2025-11-18 18:25:24,577 INFO o.a.j.t.JMeterThread: Thread started: API 1-132
2025-11-18 18:25:24,588 INFO o.a.j.t.JMeterThread: Thread is done: API 1-132
2025-11-18 18:25:24,588 INFO o.a.j.t.JMeterThread: Thread finished: API 1-132
2025-11-18 18:25:24,650 INFO o.a.j.t.JMeterThread: Thread started: API 1-133
2025-11-18 18:25:24,661 INFO o.a.j.t.JMeterThread: Thread is done: API 1-133
2025-11-18 18:25:24,661 INFO o.a.j.t.JMeterThread: Thread finished: API 1-133
2025-11-18 18:25:24,726 INFO o.a.j.t.JMeterThread: Thread started: API 1-134
2025-11-18 18:25:24,739 INFO o.a.j.t.JMeterThread: Thread is done: API 1-134
2025-11-18 18:25:24,739 INFO o.a.j.t.JMeterThread: Thread finished: API 1-134
2025-11-18 18:25:24,802 INFO o.a.j.t.JMeterThread: Thread started: API 1-135
2025-11-18 18:25:24,813 INFO o.a.j.t.JMeterThread: Thread is done: API 1-135
2025-11-18 18:25:24,814 INFO o.a.j.t.JMeterThread: Thread finished: API 1-135
2025-11-18 18:25:24,875 INFO o.a.j.t.JMeterThread: Thread started: API 1-136
2025-11-18 18:25:24,888 INFO o.a.j.t.JMeterThread: Thread is done: API 1-136
2025-11-18 18:25:24,888 INFO o.a.j.t.JMeterThread: Thread finished: API 1-136
2025-11-18 18:25:24,948 INFO o.a.j.t.JMeterThread: Thread started: API 1-137
2025-11-18 18:25:24,962 INFO o.a.j.t.JMeterThread: Thread is done: API 1-137
2025-11-18 18:25:24,962 INFO o.a.j.t.JMeterThread: Thread finished: API 1-137
2025-11-18 18:25:25,023 INFO o.a.j.t.JMeterThread: Thread started: API 1-138
2025-11-18 18:25:25,035 INFO o.a.j.t.JMeterThread: Thread is done: API 1-138
2025-11-18 18:25:25,035 INFO o.a.j.t.JMeterThread: Thread finished: API 1-138
2025-11-18 18:25:25,099 INFO o.a.j.t.JMeterThread: Thread started: API 1-139
2025-11-18 18:25:25,112 INFO o.a.j.t.JMeterThread: Thread is done: API 1-139
2025-11-18 18:25:25,112 INFO o.a.j.t.JMeterThread: Thread finished: API 1-139
2025-11-18 18:25:25,176 INFO o.a.j.t.JMeterThread: Thread started: API 1-140
2025-11-18 18:25:25,189 INFO o.a.j.t.JMeterThread: Thread is done: API 1-140
2025-11-18 18:25:25,189 INFO o.a.j.t.JMeterThread: Thread finished: API 1-140
2025-11-18 18:25:25,250 INFO o.a.j.t.JMeterThread: Thread started: API 1-141
2025-11-18 18:25:25,264 INFO o.a.j.t.JMeterThread: Thread is done: API 1-141
2025-11-18 18:25:25,264 INFO o.a.j.t.JMeterThread: Thread finished: API 1-141
2025-11-18 18:25:25,325 INFO o.a.j.t.JMeterThread: Thread started: API 1-142
2025-11-18 18:25:25,337 INFO o.a.j.t.JMeterThread: Thread is done: API 1-142
2025-11-18 18:25:25,337 INFO o.a.j.t.JMeterThread: Thread finished: API 1-142
2025-11-18 18:25:25,400 INFO o.a.j.t.JMeterThread: Thread started: API 1-143
2025-11-18 18:25:25,406 INFO o.a.j.t.JMeterThread: Thread is done: API 1-143
2025-11-18 18:25:25,406 INFO o.a.j.t.JMeterThread: Thread finished: API 1-143
2025-11-18 18:25:25,476 INFO o.a.j.t.JMeterThread: Thread started: API 1-144
2025-11-18 18:25:25,496 INFO o.a.j.t.JMeterThread: Thread is done: API 1-144
2025-11-18 18:25:25,496 INFO o.a.j.t.JMeterThread: Thread finished: API 1-144
2025-11-18 18:25:25,551 INFO o.a.j.t.JMeterThread: Thread started: API 1-145
2025-11-18 18:25:25,564 INFO o.a.j.t.JMeterThread: Thread is done: API 1-145
2025-11-18 18:25:25,564 INFO o.a.j.t.JMeterThread: Thread finished: API 1-145
2025-11-18 18:25:25,627 INFO o.a.j.t.JMeterThread: Thread started: API 1-146
2025-11-18 18:25:25,647 INFO o.a.j.t.JMeterThread: Thread is done: API 1-146
2025-11-18 18:25:25,647 INFO o.a.j.t.JMeterThread: Thread finished: API 1-146
2025-11-18 18:25:25,701 INFO o.a.j.t.JMeterThread: Thread started: API 1-147
2025-11-18 18:25:25,714 INFO o.a.j.t.JMeterThread: Thread is done: API 1-147
2025-11-18 18:25:25,714 INFO o.a.j.t.JMeterThread: Thread finished: API 1-147
2025-11-18 18:25:25,780 INFO o.a.j.t.JMeterThread: Thread started: API 1-148
2025-11-18 18:25:25,793 INFO o.a.j.t.JMeterThread: Thread is done: API 1-148
2025-11-18 18:25:25,793 INFO o.a.j.t.JMeterThread: Thread finished: API 1-148
2025-11-18 18:25:25,849 INFO o.a.j.t.JMeterThread: Thread started: API 1-149
2025-11-18 18:25:25,859 INFO o.a.j.t.JMeterThread: Thread is done: API 1-149
2025-11-18 18:25:25,859 INFO o.a.j.t.JMeterThread: Thread finished: API 1-149
2025-11-18 18:25:25,925 INFO o.a.j.t.JMeterThread: Thread started: API 1-150
2025-11-18 18:25:25,937 INFO o.a.j.t.JMeterThread: Thread is done: API 1-150
2025-11-18 18:25:25,938 INFO o.a.j.t.JMeterThread: Thread finished: API 1-150
2025-11-18 18:25:25,999 INFO o.a.j.t.JMeterThread: Thread started: API 1-151
2025-11-18 18:25:26,011 INFO o.a.j.t.JMeterThread: Thread is done: API 1-151
2025-11-18 18:25:26,011 INFO o.a.j.t.JMeterThread: Thread finished: API 1-151
2025-11-18 18:25:26,074 INFO o.a.j.t.JMeterThread: Thread started: API 1-152
2025-11-18 18:25:26,087 INFO o.a.j.t.JMeterThread: Thread is done: API 1-152
2025-11-18 18:25:26,087 INFO o.a.j.t.JMeterThread: Thread finished: API 1-152
2025-11-18 18:25:26,155 INFO o.a.j.t.JMeterThread: Thread started: API 1-153
2025-11-18 18:25:26,165 INFO o.a.j.t.JMeterThread: Thread is done: API 1-153
2025-11-18 18:25:26,165 INFO o.a.j.t.JMeterThread: Thread finished: API 1-153
2025-11-18 18:25:26,226 INFO o.a.j.t.JMeterThread: Thread started: API 1-154
2025-11-18 18:25:26,233 INFO o.a.j.t.JMeterThread: Thread is done: API 1-154
2025-11-18 18:25:26,233 INFO o.a.j.t.JMeterThread: Thread finished: API 1-154
2025-11-18 18:25:26,300 INFO o.a.j.t.JMeterThread: Thread started: API 1-155
2025-11-18 18:25:26,308 INFO o.a.j.t.JMeterThread: Thread is done: API 1-155
2025-11-18 18:25:26,308 INFO o.a.j.t.JMeterThread: Thread finished: API 1-155
2025-11-18 18:25:26,377 INFO o.a.j.t.JMeterThread: Thread started: API 1-156
2025-11-18 18:25:26,383 INFO o.a.j.t.JMeterThread: Thread is done: API 1-156
2025-11-18 18:25:26,383 INFO o.a.j.t.JMeterThread: Thread finished: API 1-156
2025-11-18 18:25:26,451 INFO o.a.j.t.JMeterThread: Thread started: API 1-157
2025-11-18 18:25:26,462 INFO o.a.j.t.JMeterThread: Thread is done: API 1-157
2025-11-18 18:25:26,462 INFO o.a.j.t.JMeterThread: Thread finished: API 1-157
2025-11-18 18:25:26,526 INFO o.a.j.t.JMeterThread: Thread started: API 1-158
2025-11-18 18:25:26,534 INFO o.a.j.t.JMeterThread: Thread is done: API 1-158
2025-11-18 18:25:26,534 INFO o.a.j.t.JMeterThread: Thread finished: API 1-158
2025-11-18 18:25:26,600 INFO o.a.j.t.JMeterThread: Thread started: API 1-159
2025-11-18 18:25:26,610 INFO o.a.j.t.JMeterThread: Thread is done: API 1-159
2025-11-18 18:25:26,610 INFO o.a.j.t.JMeterThread: Thread finished: API 1-159
2025-11-18 18:25:26,677 INFO o.a.j.t.JMeterThread: Thread started: API 1-160
2025-11-18 18:25:26,685 INFO o.a.j.t.JMeterThread: Thread is done: API 1-160
2025-11-18 18:25:26,685 INFO o.a.j.t.JMeterThread: Thread finished: API 1-160
2025-11-18 18:25:26,752 INFO o.a.j.t.JMeterThread: Thread started: API 1-161
2025-11-18 18:25:26,761 INFO o.a.j.t.JMeterThread: Thread is done: API 1-161
2025-11-18 18:25:26,761 INFO o.a.j.t.JMeterThread: Thread finished: API 1-161
2025-11-18 18:25:26,826 INFO o.a.j.t.JMeterThread: Thread started: API 1-162
2025-11-18 18:25:26,841 INFO o.a.j.t.JMeterThread: Thread is done: API 1-162
2025-11-18 18:25:26,841 INFO o.a.j.t.JMeterThread: Thread finished: API 1-162
2025-11-18 18:25:26,900 INFO o.a.j.t.JMeterThread: Thread started: API 1-163
2025-11-18 18:25:26,914 INFO o.a.j.t.JMeterThread: Thread is done: API 1-163
2025-11-18 18:25:26,914 INFO o.a.j.t.JMeterThread: Thread finished: API 1-163
2025-11-18 18:25:26,975 INFO o.a.j.t.JMeterThread: Thread started: API 1-164
2025-11-18 18:25:26,987 INFO o.a.j.t.JMeterThread: Thread is done: API 1-164
2025-11-18 18:25:26,987 INFO o.a.j.t.JMeterThread: Thread finished: API 1-164
2025-11-18 18:25:27,049 INFO o.a.j.t.JMeterThread: Thread started: API 1-165
2025-11-18 18:25:27,067 INFO o.a.j.t.JMeterThread: Thread is done: API 1-165
2025-11-18 18:25:27,067 INFO o.a.j.t.JMeterThread: Thread finished: API 1-165
2025-11-18 18:25:27,125 INFO o.a.j.t.JMeterThread: Thread started: API 1-166
2025-11-18 18:25:27,139 INFO o.a.j.t.JMeterThread: Thread is done: API 1-166
2025-11-18 18:25:27,139 INFO o.a.j.t.JMeterThread: Thread finished: API 1-166
2025-11-18 18:25:27,201 INFO o.a.j.t.JMeterThread: Thread started: API 1-167
2025-11-18 18:25:27,213 INFO o.a.j.t.JMeterThread: Thread is done: API 1-167
2025-11-18 18:25:27,213 INFO o.a.j.t.JMeterThread: Thread finished: API 1-167
2025-11-18 18:25:27,275 INFO o.a.j.t.JMeterThread: Thread started: API 1-168
2025-11-18 18:25:27,290 INFO o.a.j.t.JMeterThread: Thread is done: API 1-168
2025-11-18 18:25:27,290 INFO o.a.j.t.JMeterThread: Thread finished: API 1-168
2025-11-18 18:25:27,350 INFO o.a.j.t.JMeterThread: Thread started: API 1-169
2025-11-18 18:25:27,361 INFO o.a.j.t.JMeterThread: Thread is done: API 1-169
2025-11-18 18:25:27,362 INFO o.a.j.t.JMeterThread: Thread finished: API 1-169
2025-11-18 18:25:27,426 INFO o.a.j.t.JMeterThread: Thread started: API 1-170
2025-11-18 18:25:27,434 INFO o.a.j.t.JMeterThread: Thread is done: API 1-170
2025-11-18 18:25:27,434 INFO o.a.j.t.JMeterThread: Thread finished: API 1-170
2025-11-18 18:25:27,500 INFO o.a.j.t.JMeterThread: Thread started: API 1-171
2025-11-18 18:25:27,515 INFO o.a.j.t.JMeterThread: Thread is done: API 1-171
2025-11-18 18:25:27,515 INFO o.a.j.t.JMeterThread: Thread finished: API 1-171
2025-11-18 18:25:27,577 INFO o.a.j.t.JMeterThread: Thread started: API 1-172
2025-11-18 18:25:27,593 INFO o.a.j.t.JMeterThread: Thread is done: API 1-172
2025-11-18 18:25:27,594 INFO o.a.j.t.JMeterThread: Thread finished: API 1-172
2025-11-18 18:25:27,651 INFO o.a.j.t.JMeterThread: Thread started: API 1-173
2025-11-18 18:25:27,665 INFO o.a.j.t.JMeterThread: Thread is done: API 1-173
2025-11-18 18:25:27,665 INFO o.a.j.t.JMeterThread: Thread finished: API 1-173
2025-11-18 18:25:27,727 INFO o.a.j.t.JMeterThread: Thread started: API 1-174
2025-11-18 18:25:27,738 INFO o.a.j.t.JMeterThread: Thread is done: API 1-174
2025-11-18 18:25:27,739 INFO o.a.j.t.JMeterThread: Thread finished: API 1-174
2025-11-18 18:25:27,801 INFO o.a.j.t.JMeterThread: Thread started: API 1-175
2025-11-18 18:25:27,812 INFO o.a.j.t.JMeterThread: Thread is done: API 1-175
2025-11-18 18:25:27,812 INFO o.a.j.t.JMeterThread: Thread finished: API 1-175
2025-11-18 18:25:27,874 INFO o.a.j.t.JMeterThread: Thread started: API 1-176
2025-11-18 18:25:27,889 INFO o.a.j.t.JMeterThread: Thread is done: API 1-176
2025-11-18 18:25:27,889 INFO o.a.j.t.JMeterThread: Thread finished: API 1-176
2025-11-18 18:25:27,950 INFO o.a.j.t.JMeterThread: Thread started: API 1-177
2025-11-18 18:25:27,964 INFO o.a.j.t.JMeterThread: Thread is done: API 1-177
2025-11-18 18:25:27,965 INFO o.a.j.t.JMeterThread: Thread finished: API 1-177
2025-11-18 18:25:28,027 INFO o.a.j.t.JMeterThread: Thread started: API 1-178
2025-11-18 18:25:28,034 INFO o.a.j.t.JMeterThread: Thread is done: API 1-178
2025-11-18 18:25:28,034 INFO o.a.j.t.JMeterThread: Thread finished: API 1-178
2025-11-18 18:25:28,100 INFO o.a.j.t.JMeterThread: Thread started: API 1-179
2025-11-18 18:25:28,113 INFO o.a.j.t.JMeterThread: Thread is done: API 1-179
2025-11-18 18:25:28,113 INFO o.a.j.t.JMeterThread: Thread finished: API 1-179
2025-11-18 18:25:28,176 INFO o.a.j.t.JMeterThread: Thread started: API 1-180
2025-11-18 18:25:28,190 INFO o.a.j.t.JMeterThread: Thread is done: API 1-180
2025-11-18 18:25:28,190 INFO o.a.j.t.JMeterThread: Thread finished: API 1-180
2025-11-18 18:25:28,251 INFO o.a.j.t.JMeterThread: Thread started: API 1-181
2025-11-18 18:25:28,263 INFO o.a.j.t.JMeterThread: Thread is done: API 1-181
2025-11-18 18:25:28,263 INFO o.a.j.t.JMeterThread: Thread finished: API 1-181
2025-11-18 18:25:28,325 INFO o.a.j.t.JMeterThread: Thread started: API 1-182
2025-11-18 18:25:28,338 INFO o.a.j.t.JMeterThread: Thread is done: API 1-182
2025-11-18 18:25:28,338 INFO o.a.j.t.JMeterThread: Thread finished: API 1-182
2025-11-18 18:25:28,400 INFO o.a.j.t.JMeterThread: Thread started: API 1-183
2025-11-18 18:25:28,413 INFO o.a.j.t.JMeterThread: Thread is done: API 1-183
2025-11-18 18:25:28,413 INFO o.a.j.t.JMeterThread: Thread finished: API 1-183
2025-11-18 18:25:28,475 INFO o.a.j.t.JMeterThread: Thread started: API 1-184
2025-11-18 18:25:28,482 INFO o.a.j.t.JMeterThread: Thread is done: API 1-184
2025-11-18 18:25:28,482 INFO o.a.j.t.JMeterThread: Thread finished: API 1-184
2025-11-18 18:25:28,553 INFO o.a.j.t.JMeterThread: Thread started: API 1-185
2025-11-18 18:25:28,563 INFO o.a.j.t.JMeterThread: Thread is done: API 1-185
2025-11-18 18:25:28,564 INFO o.a.j.t.JMeterThread: Thread finished: API 1-185
2025-11-18 18:25:28,628 INFO o.a.j.t.JMeterThread: Thread started: API 1-186
2025-11-18 18:25:28,639 INFO o.a.j.t.JMeterThread: Thread is done: API 1-186
2025-11-18 18:25:28,640 INFO o.a.j.t.JMeterThread: Thread finished: API 1-186
2025-11-18 18:25:28,701 INFO o.a.j.t.JMeterThread: Thread started: API 1-187
2025-11-18 18:25:28,710 INFO o.a.j.t.JMeterThread: Thread is done: API 1-187
2025-11-18 18:25:28,711 INFO o.a.j.t.JMeterThread: Thread finished: API 1-187
2025-11-18 18:25:28,777 INFO o.a.j.t.JMeterThread: Thread started: API 1-188
2025-11-18 18:25:28,792 INFO o.a.j.t.JMeterThread: Thread is done: API 1-188
2025-11-18 18:25:28,792 INFO o.a.j.t.JMeterThread: Thread finished: API 1-188
2025-11-18 18:25:28,852 INFO o.a.j.t.JMeterThread: Thread started: API 1-189
2025-11-18 18:25:28,865 INFO o.a.j.t.JMeterThread: Thread is done: API 1-189
2025-11-18 18:25:28,865 INFO o.a.j.t.JMeterThread: Thread finished: API 1-189
2025-11-18 18:25:28,924 INFO o.a.j.t.JMeterThread: Thread started: API 1-190
2025-11-18 18:25:28,936 INFO o.a.j.t.JMeterThread: Thread is done: API 1-190
2025-11-18 18:25:28,936 INFO o.a.j.t.JMeterThread: Thread finished: API 1-190
2025-11-18 18:25:28,999 INFO o.a.j.t.JMeterThread: Thread started: API 1-191
2025-11-18 18:25:29,011 INFO o.a.j.t.JMeterThread: Thread is done: API 1-191
2025-11-18 18:25:29,011 INFO o.a.j.t.JMeterThread: Thread finished: API 1-191
2025-11-18 18:25:29,075 INFO o.a.j.t.JMeterThread: Thread started: API 1-192
2025-11-18 18:25:29,089 INFO o.a.j.t.JMeterThread: Thread is done: API 1-192
2025-11-18 18:25:29,089 INFO o.a.j.t.JMeterThread: Thread finished: API 1-192
2025-11-18 18:25:29,150 INFO o.a.j.t.JMeterThread: Thread started: API 1-193
2025-11-18 18:25:29,162 INFO o.a.j.t.JMeterThread: Thread is done: API 1-193
2025-11-18 18:25:29,162 INFO o.a.j.t.JMeterThread: Thread finished: API 1-193
2025-11-18 18:25:29,226 INFO o.a.j.t.JMeterThread: Thread started: API 1-194
2025-11-18 18:25:29,239 INFO o.a.j.t.JMeterThread: Thread is done: API 1-194
2025-11-18 18:25:29,239 INFO o.a.j.t.JMeterThread: Thread finished: API 1-194
2025-11-18 18:25:29,302 INFO o.a.j.t.JMeterThread: Thread started: API 1-195
2025-11-18 18:25:29,318 INFO o.a.j.t.JMeterThread: Thread is done: API 1-195
2025-11-18 18:25:29,318 INFO o.a.j.t.JMeterThread: Thread finished: API 1-195
2025-11-18 18:25:29,376 INFO o.a.j.t.JMeterThread: Thread started: API 1-196
2025-11-18 18:25:29,388 INFO o.a.j.t.JMeterThread: Thread is done: API 1-196
2025-11-18 18:25:29,388 INFO o.a.j.t.JMeterThread: Thread finished: API 1-196
2025-11-18 18:25:29,451 INFO o.a.j.t.JMeterThread: Thread started: API 1-197
2025-11-18 18:25:29,465 INFO o.a.j.t.JMeterThread: Thread is done: API 1-197
2025-11-18 18:25:29,465 INFO o.a.j.t.JMeterThread: Thread finished: API 1-197
2025-11-18 18:25:29,527 INFO o.a.j.t.JMeterThread: Thread started: API 1-198
2025-11-18 18:25:29,533 INFO o.a.j.t.JMeterThread: Thread is done: API 1-198
2025-11-18 18:25:29,533 INFO o.a.j.t.JMeterThread: Thread finished: API 1-198
2025-11-18 18:25:29,602 INFO o.a.j.t.JMeterThread: Thread started: API 1-199
2025-11-18 18:25:29,611 INFO o.a.j.t.JMeterThread: Thread is done: API 1-199
2025-11-18 18:25:29,611 INFO o.a.j.t.JMeterThread: Thread finished: API 1-199
2025-11-18 18:25:29,676 INFO o.a.j.t.JMeterThread: Thread started: API 1-200
2025-11-18 18:25:29,689 INFO o.a.j.t.JMeterThread: Thread is done: API 1-200
2025-11-18 18:25:29,689 INFO o.a.j.t.JMeterThread: Thread finished: API 1-200
2025-11-18 18:25:29,690 INFO o.a.j.e.StandardJMeterEngine: Notifying test listeners of end of test
2025-11-18 18:25:29,693 INFO o.a.j.r.Summariser: summary =    200 in 00:00:15 =   13.4/s Avg:     9 Min:     5 Max:    37 Err:     0 (0.00%)
2025-11-18 18:25:29,694 INFO o.a.j.JMeter: Generating Dashboard
2025-11-18 18:25:29,694 INFO o.a.j.r.d.ReportGenerator: Flushing result collector before report Generation
2025-11-18 18:25:29,706 INFO o.a.j.r.p.NormalizerSampleConsumer: Using format, 'ms', to parse timeStamp field
2025-11-18 18:25:29,809 INFO o.a.j.r.p.AbstractSampleConsumer: class org.apache.jmeter.report.processor.AggregateConsumer#stopProducing(): beginDate produced 0 samples
2025-11-18 18:25:29,809 INFO o.a.j.r.p.AbstractSampleConsumer: class org.apache.jmeter.report.processor.AggregateConsumer#stopProducing(): endDate produced 0 samples
2025-11-18 18:25:29,811 INFO o.a.j.r.p.AbstractSampleConsumer: class org.apache.jmeter.report.processor.ApdexSummaryConsumer#stopProducing(): apdexSummary produced 0 samples
2025-11-18 18:25:29,813 INFO o.a.j.r.p.AbstractSampleConsumer: class org.apache.jmeter.report.processor.RequestsSummaryConsumer#stopProducing(): requestsSummary produced 0 samples
2025-11-18 18:25:29,821 INFO o.a.j.r.p.AbstractSampleConsumer: class org.apache.jmeter.report.processor.StatisticsSummaryConsumer#stopProducing(): statisticsSummary produced 0 samples
2025-11-18 18:25:29,822 INFO o.a.j.r.p.AbstractSampleConsumer: class org.apache.jmeter.report.processor.Top5ErrorsBySamplerConsumer#stopProducing(): top5ErrorsBySampler produced 0 samples
2025-11-18 18:25:29,822 INFO o.a.j.r.p.AbstractSampleConsumer: class org.apache.jmeter.report.processor.ErrorsSummaryConsumer#stopProducing(): errorsSummary produced 0 samples
2025-11-18 18:25:29,822 INFO o.a.j.r.p.AbstractSampleConsumer: class org.apache.jmeter.report.processor.graph.impl.HitsPerSecondGraphConsumer#stopProducing(): hitsPerSecond produced 0 samples
2025-11-18 18:25:29,842 INFO o.a.j.r.p.AbstractSampleConsumer: class org.apache.jmeter.report.processor.graph.impl.LatencyVSRequestGraphConsumer#stopProducing(): latencyVsRequest produced 0 samples
2025-11-18 18:25:29,842 INFO o.a.j.r.p.AbstractSampleConsumer: class org.apache.jmeter.report.processor.graph.impl.SyntheticResponseTimeDistributionGraphConsumer#stopProducing(): syntheticResponseTimeDistribution produced 0 samples
2025-11-18 18:25:29,842 INFO o.a.j.r.p.AbstractSampleConsumer: class org.apache.jmeter.report.processor.graph.impl.BytesThroughputGraphConsumer#stopProducing(): bytesThroughputOverTime produced 0 samples
2025-11-18 18:25:29,842 INFO o.a.j.r.p.AbstractSampleConsumer: class org.apache.jmeter.report.processor.graph.impl.CodesPerSecondGraphConsumer#stopProducing(): codesPerSecond produced 0 samples
2025-11-18 18:25:29,849 INFO o.a.j.r.p.AbstractSampleConsumer: class org.apache.jmeter.report.processor.graph.impl.ResponseTimeVSRequestGraphConsumer#stopProducing(): responseTimeVsRequest produced 0 samples
2025-11-18 18:25:29,850 INFO o.a.j.r.p.AbstractSampleConsumer: class org.apache.jmeter.report.processor.FilterConsumer#stopProducing(): startIntervalControlerFilter produced 1400 samples
2025-11-18 18:25:29,850 INFO o.a.j.r.p.AbstractSampleConsumer: class org.apache.jmeter.report.processor.graph.impl.TotalTPSGraphConsumer#stopProducing(): totalTPS produced 0 samples
2025-11-18 18:25:29,850 INFO o.a.j.r.p.AbstractSampleConsumer: class org.apache.jmeter.report.processor.graph.impl.ActiveThreadsGraphConsumer#stopProducing(): activeThreadsOverTime produced 0 samples
2025-11-18 18:25:29,850 INFO o.a.j.r.p.AbstractSampleConsumer: class org.apache.jmeter.report.processor.graph.impl.TimeVSThreadGraphConsumer#stopProducing(): timeVsThreads produced 0 samples
2025-11-18 18:25:29,850 INFO o.a.j.r.p.AbstractSampleConsumer: class org.apache.jmeter.report.processor.graph.impl.ResponseTimeDistributionGraphConsumer#stopProducing(): responseTimeDistribution produced 0 samples
2025-11-18 18:25:29,850 INFO o.a.j.r.p.AbstractSampleConsumer: class org.apache.jmeter.report.processor.graph.impl.TransactionsPerSecondGraphConsumer#stopProducing(): transactionsPerSecond produced 0 samples
2025-11-18 18:25:29,850 INFO o.a.j.r.p.AbstractSampleConsumer: class org.apache.jmeter.report.processor.graph.impl.ResponseTimePercentilesGraphConsumer#stopProducing(): responseTimePercentiles produced 0 samples
2025-11-18 18:25:29,851 INFO o.a.j.r.p.AbstractSampleConsumer: class org.apache.jmeter.report.processor.graph.impl.ResponseTimePercentilesOverTimeGraphConsumer#stopProducing(): responseTimePercentilesOverTime produced 0 samples
2025-11-18 18:25:29,851 INFO o.a.j.r.p.AbstractSampleConsumer: class org.apache.jmeter.report.processor.graph.impl.ResponseTimeOverTimeGraphConsumer#stopProducing(): responseTimesOverTime produced 0 samples
2025-11-18 18:25:29,851 INFO o.a.j.r.p.AbstractSampleConsumer: class org.apache.jmeter.report.processor.graph.impl.ConnectTimeOverTimeGraphConsumer#stopProducing(): connectTimeOverTime produced 0 samples
2025-11-18 18:25:29,851 INFO o.a.j.r.p.AbstractSampleConsumer: class org.apache.jmeter.report.processor.graph.impl.LatencyOverTimeGraphConsumer#stopProducing(): latenciesOverTime produced 0 samples
2025-11-18 18:25:29,852 INFO o.a.j.r.p.AbstractSampleConsumer: class org.apache.jmeter.report.processor.FilterConsumer#stopProducing(): nameFilter produced 3000 samples
2025-11-18 18:25:29,852 INFO o.a.j.r.p.AbstractSampleConsumer: class org.apache.jmeter.report.processor.FilterConsumer#stopProducing(): dateRangeFilter produced 600 samples
2025-11-18 18:25:29,852 INFO o.a.j.r.p.AbstractSampleConsumer: class org.apache.jmeter.report.processor.NormalizerSampleConsumer#stopProducing(): normalizer produced 200 samples
2025-11-18 18:25:29,853 INFO o.a.j.r.p.CsvFileSampleSource: produce(): 200 samples produced in 112ms on channel 0
2025-11-18 18:25:29,853 INFO o.a.j.r.d.ReportGenerator: Exporting data using exporter:'json' of className:'org.apache.jmeter.report.dashboard.JsonExporter'
2025-11-18 18:25:29,966 INFO o.a.j.r.d.JsonExporter: Found data for consumer statisticsSummary in context
2025-11-18 18:25:29,966 INFO o.a.j.r.d.JsonExporter: Creating statistics for overall
2025-11-18 18:25:29,967 INFO o.a.j.r.d.JsonExporter: Creating statistics for other transactions
2025-11-18 18:25:29,967 INFO o.a.j.r.d.JsonExporter: Checking output folder
2025-11-18 18:25:29,967 INFO o.a.j.r.d.JsonExporter: Writing statistics JSON to C:\Users\Administrador\teste-software-univas\backend\tests\jmeter\reports\tasks\statistics.json
2025-11-18 18:25:30,017 INFO o.a.j.r.d.ReportGenerator: Exporting data using exporter:'html' of className:'org.apache.jmeter.report.dashboard.HtmlTemplateExporter'
2025-11-18 18:25:30,019 INFO o.a.j.r.d.HtmlTemplateExporter: Will generate dashboard in folder: C:\Users\Administrador\teste-software-univas\backend\tests\jmeter\reports\tasks
2025-11-18 18:25:30,124 INFO o.a.j.r.d.HtmlTemplateExporter: Report will be generated in: C:\Users\Administrador\teste-software-univas\backend\tests\jmeter\reports\tasks, creating folder structure
2025-11-18 18:25:30,130 INFO o.a.j.r.d.TemplateVisitor: Copying folder from 'C:\Tools\apache-jmeter-5.6.3\apache-jmeter-5.6.3\bin\report-template' to 'C:\Users\Administrador\teste-software-univas\backend\tests\jmeter\reports\tasks', got message: C:\Users\Administrador\teste-software-univas\backend\tests\jmeter\reports\tasks, found non empty folder with following content [C:\Users\Administrador\teste-software-univas\backend\tests\jmeter\reports\tasks\statistics.json], will be ignored
2025-11-18 18:25:30,728 INFO o.a.j.JMeter: Dashboard generated
